2025-11-08 15:47:00 | INFO | repo=pv243-a4m36jee-2016-infinispan-seminar-autumn | action=pull
2025-07-02 08:31:00 | DEBUG | repo=pv243-a4m36jee-2016-infinispan-seminar-autumn | action=test | passed=true
2025-04-13 21:31:00 | WARN | repo=pv243-a4m36jee-2016-infinispan-seminar-autumn | action=commit
2025-04-08 09:45:00 | DEBUG | repo=pv243-a4m36jee-2016-infinispan-seminar-autumn | action=commit
2025-07-21 09:29:00 | DEBUG | repo=pv243-a4m36jee-2016-infinispan-seminar-autumn | action=test | passed=true
2025-08-03 09:20:00 | WARN | repo=pv243-a4m36jee-2016-infinispan-seminar-autumn | action=commit
2025-10-04 12:54:00 | WARN | repo=pv243-a4m36jee-2016-infinispan-seminar-autumn | action=pull
2025-01-13 12:52:00 | DEBUG | repo=pv243-a4m36jee-2016-infinispan-seminar-autumn | action=commit
2025-12-03 07:39:00 | INFO | repo=pv243-a4m36jee-2016-infinispan-seminar-autumn | action=commit
2025-02-22 20:23:00 | INFO | repo=pv243-a4m36jee-2016-infinispan-seminar-autumn | action=commit
2025-09-20 17:05:00 | INFO | repo=pv243-a4m36jee-2016-infinispan-seminar-autumn | action=edit | files=4
2025-02-10 18:26:00 | DEBUG | repo=pv243-a4m36jee-2016-infinispan-seminar-autumn | action=commit
2025-12-18 12:42:00 | WARN | repo=pv243-a4m36jee-2016-infinispan-seminar-autumn | action=edit | files=1
2025-01-19 20:47:00 | WARN | repo=pv243-a4m36jee-2016-infinispan-seminar-autumn | action=commit
2025-10-08 15:50:00 | DEBUG | repo=pv243-a4m36jee-2016-infinispan-seminar-autumn | action=test | passed=true
2025-12-14 09:56:00 | INFO | repo=pv243-a4m36jee-2016-infinispan-seminar-autumn | action=test | passed=true
2025-04-09 09:41:00 | WARN | repo=pv243-a4m36jee-2016-infinispan-seminar-autumn | action=commit
2025-07-14 16:27:00 | WARN | repo=pv243-a4m36jee-2016-infinispan-seminar-autumn | action=pull
2025-06-15 11:46:00 | WARN | repo=pv243-a4m36jee-2016-infinispan-seminar-autumn | action=commit
2025-12-09 09:28:00 | DEBUG | repo=pv243-a4m36jee-2016-infinispan-seminar-autumn | action=commit
2025-05-27 08:38:00 | WARN | repo=pv243-a4m36jee-2016-infinispan-seminar-autumn | action=commit
2025-04-19 12:21:00 | DEBUG | repo=pv243-a4m36jee-2016-infinispan-seminar-autumn | action=commit
2025-02-27 13:50:00 | DEBUG | repo=pv243-a4m36jee-2016-infinispan-seminar-autumn | action=test | passed=true
2025-08-01 07:32:00 | INFO | repo=pv243-a4m36jee-2016-infinispan-seminar-autumn | action=commit
2025-12-16 15:57:00 | DEBUG | repo=pv243-a4m36jee-2016-infinispan-seminar-autumn | action=commit
2025-03-18 07:34:00 | DEBUG | repo=pv243-a4m36jee-2016-infinispan-seminar-autumn | action=commit
2025-03-27 20:09:00 | INFO | repo=pv243-a4m36jee-2016-infinispan-seminar-autumn | action=commit
2025-05-06 18:31:00 | DEBUG | repo=pv243-a4m36jee-2016-infinispan-seminar-autumn | action=commit
2025-04-23 11:27:00 | INFO | repo=pv243-a4m36jee-2016-infinispan-seminar-autumn | action=commit
2025-10-09 20:18:00 | WARN | repo=pv243-a4m36jee-2016-infinispan-seminar-autumn | action=commit
2025-10-28 19:04:00 | DEBUG | repo=pv243-a4m36jee-2016-infinispan-seminar-autumn | action=commit
2025-06-18 08:09:00 | INFO | repo=pv243-a4m36jee-2016-infinispan-seminar-autumn | action=commit
2025-10-03 17:00:00 | WARN | repo=pv243-a4m36jee-2016-infinispan-seminar-autumn | action=test | passed=true
2025-01-16 15:38:00 | DEBUG | repo=pv243-a4m36jee-2016-infinispan-seminar-autumn | action=commit
2025-05-10 11:05:00 | WARN | repo=pv243-a4m36jee-2016-infinispan-seminar-autumn | action=commit
2025-01-16 13:39:00 | INFO | repo=pv243-a4m36jee-2016-infinispan-seminar-autumn | action=edit | files=3
2025-11-19 19:04:00 | DEBUG | repo=pv243-a4m36jee-2016-infinispan-seminar-autumn | action=commit
2025-07-22 21:05:00 | WARN | repo=pv243-a4m36jee-2016-infinispan-seminar-autumn | action=commit
2025-05-27 07:52:00 | WARN | repo=pv243-a4m36jee-2016-infinispan-seminar-autumn | action=test | passed=true
2025-10-16 20:05:00 | INFO | repo=pv243-a4m36jee-2016-infinispan-seminar-autumn | action=test | passed=true
2025-10-21 15:11:00 | WARN | repo=pv243-a4m36jee-2016-infinispan-seminar-autumn | action=commit
2025-09-15 21:45:00 | WARN | repo=pv243-a4m36jee-2016-infinispan-seminar-autumn | action=test | passed=true
2025-02-13 15:51:00 | WARN | repo=pv243-a4m36jee-2016-infinispan-seminar-autumn | action=pull
2025-03-20 12:00:00 | WARN | repo=pv243-a4m36jee-2016-infinispan-seminar-autumn | action=commit
2025-01-17 10:59:00 | INFO | repo=pv243-a4m36jee-2016-infinispan-seminar-autumn | action=pull
2025-12-06 08:47:00 | INFO | repo=pv243-a4m36jee-2016-infinispan-seminar-autumn | action=commit
2025-10-22 21:28:00 | WARN | repo=pv243-a4m36jee-2016-infinispan-seminar-autumn | action=commit
2025-02-09 08:36:00 | WARN | repo=pv243-a4m36jee-2016-infinispan-seminar-autumn | action=edit | files=4
2025-07-25 07:39:00 | WARN | repo=pv243-a4m36jee-2016-infinispan-seminar-autumn | action=commit
2025-05-18 14:10:00 | WARN | repo=pv243-a4m36jee-2016-infinispan-seminar-autumn | action=commit
2025-12-07 21:21:00 | WARN | repo=pv243-a4m36jee-2016-infinispan-seminar-autumn | action=test | passed=true
2025-09-01 10:51:00 | INFO | repo=pv243-a4m36jee-2016-infinispan-seminar-autumn | action=commit
2025-02-02 15:23:00 | DEBUG | repo=pv243-a4m36jee-2016-infinispan-seminar-autumn | action=commit
2025-06-04 20:40:00 | WARN | repo=pv243-a4m36jee-2016-infinispan-seminar-autumn | action=commit
2025-02-25 09:27:00 | DEBUG | repo=pv243-a4m36jee-2016-infinispan-seminar-autumn | action=commit
2025-10-22 08:16:00 | INFO | repo=pv243-a4m36jee-2016-infinispan-seminar-autumn | action=commit
2025-10-11 12:55:00 | WARN | repo=pv243-a4m36jee-2016-infinispan-seminar-autumn | action=pull
2025-03-04 07:41:00 | WARN | repo=pv243-a4m36jee-2016-infinispan-seminar-autumn | action=commit
2025-01-05 20:53:00 | DEBUG | repo=pv243-a4m36jee-2016-infinispan-seminar-autumn | action=commit
2025-07-02 10:03:00 | DEBUG | repo=pv243-a4m36jee-2016-infinispan-seminar-autumn | action=commit
2025-02-23 14:51:00 | WARN | repo=pv243-a4m36jee-2016-infinispan-seminar-autumn | action=commit
2025-11-20 19:12:00 | INFO | repo=pv243-a4m36jee-2016-infinispan-seminar-autumn | action=edit | files=2
2025-12-14 19:11:00 | INFO | repo=pv243-a4m36jee-2016-infinispan-seminar-autumn | action=commit
2025-08-27 09:14:00 | DEBUG | repo=pv243-a4m36jee-2016-infinispan-seminar-autumn | action=commit
2025-06-09 09:35:00 | DEBUG | repo=pv243-a4m36jee-2016-infinispan-seminar-autumn | action=test | passed=true
2025-03-18 11:26:00 | INFO | repo=pv243-a4m36jee-2016-infinispan-seminar-autumn | action=commit
2025-01-28 21:55:00 | DEBUG | repo=pv243-a4m36jee-2016-infinispan-seminar-autumn | action=commit
2025-03-28 18:07:00 | DEBUG | repo=pv243-a4m36jee-2016-infinispan-seminar-autumn | action=pull
2025-08-21 19:48:00 | WARN | repo=pv243-a4m36jee-2016-infinispan-seminar-autumn | action=test | passed=true
2025-04-18 18:44:00 | DEBUG | repo=pv243-a4m36jee-2016-infinispan-seminar-autumn | action=commit
2025-08-11 14:09:00 | WARN | repo=pv243-a4m36jee-2016-infinispan-seminar-autumn | action=commit
2025-02-03 20:15:00 | INFO | repo=pv243-a4m36jee-2016-infinispan-seminar-autumn | action=edit | files=4
2025-07-27 16:01:00 | INFO | repo=pv243-a4m36jee-2016-infinispan-seminar-autumn | action=pull
2025-02-06 11:47:00 | INFO | repo=pv243-a4m36jee-2016-infinispan-seminar-autumn | action=commit
2025-01-08 10:00:00 | WARN | repo=pv243-a4m36jee-2016-infinispan-seminar-autumn | action=commit
2025-10-18 14:21:00 | INFO | repo=pv243-a4m36jee-2016-infinispan-seminar-autumn | action=commit
2025-02-10 08:58:00 | WARN | repo=pv243-a4m36jee-2016-infinispan-seminar-autumn | action=test | passed=true
2025-03-24 08:16:00 | WARN | repo=pv243-a4m36jee-2016-infinispan-seminar-autumn | action=commit
2025-10-16 08:32:00 | DEBUG | repo=pv243-a4m36jee-2016-infinispan-seminar-autumn | action=commit
2025-04-06 20:44:00 | WARN | repo=pv243-a4m36jee-2016-infinispan-seminar-autumn | action=commit
2025-11-17 13:54:00 | WARN | repo=pv243-a4m36jee-2016-infinispan-seminar-autumn | action=commit
2025-06-10 19:39:00 | WARN | repo=pv243-a4m36jee-2016-infinispan-seminar-autumn | action=test | passed=true
2025-04-28 21:16:00 | INFO | repo=pv243-a4m36jee-2016-infinispan-seminar-autumn | action=edit | files=3
2025-02-20 21:40:00 | WARN | repo=pv243-a4m36jee-2016-infinispan-seminar-autumn | action=commit
2025-09-25 08:18:00 | DEBUG | repo=pv243-a4m36jee-2016-infinispan-seminar-autumn | action=commit
2025-02-14 11:50:00 | DEBUG | repo=pv243-a4m36jee-2016-infinispan-seminar-autumn | action=commit
2025-02-25 07:52:00 | WARN | repo=pv243-a4m36jee-2016-infinispan-seminar-autumn | action=test | passed=true
2025-08-06 21:57:00 | DEBUG | repo=pv243-a4m36jee-2016-infinispan-seminar-autumn | action=commit
2025-09-11 20:47:00 | INFO | repo=pv243-a4m36jee-2016-infinispan-seminar-autumn | action=pull
2025-05-15 21:55:00 | DEBUG | repo=pv243-a4m36jee-2016-infinispan-seminar-autumn | action=edit | files=1
2025-10-07 11:48:00 | DEBUG | repo=pv243-a4m36jee-2016-infinispan-seminar-autumn | action=commit
2025-01-28 09:17:00 | DEBUG | repo=pv243-a4m36jee-2016-infinispan-seminar-autumn | action=commit
2025-08-21 19:51:00 | INFO | repo=pv243-a4m36jee-2016-infinispan-seminar-autumn | action=commit
2025-06-12 18:00:00 | DEBUG | repo=pv243-a4m36jee-2016-infinispan-seminar-autumn | action=commit
2025-03-27 07:35:00 | DEBUG | repo=pv243-a4m36jee-2016-infinispan-seminar-autumn | action=edit | files=1
2025-05-13 08:22:00 | WARN | repo=pv243-a4m36jee-2016-infinispan-seminar-autumn | action=commit
2025-04-06 20:41:00 | DEBUG | repo=pv243-a4m36jee-2016-infinispan-seminar-autumn | action=pull
2025-10-01 17:46:00 | DEBUG | repo=pv243-a4m36jee-2016-infinispan-seminar-autumn | action=commit
2025-01-23 17:20:00 | DEBUG | repo=pv243-a4m36jee-2016-infinispan-seminar-autumn | action=edit | files=3
2025-09-14 11:33:00 | WARN | repo=pv243-a4m36jee-2016-infinispan-seminar-autumn | action=edit | files=3
2025-12-13 07:08:00 | DEBUG | repo=pv243-a4m36jee-2016-infinispan-seminar-autumn | action=commit
2025-12-19 08:41:00 | INFO | repo=pv243-a4m36jee-2016-infinispan-seminar-autumn | action=commit
2025-07-27 21:07:00 | DEBUG | repo=pv243-a4m36jee-2016-infinispan-seminar-autumn | action=pull
2025-03-24 17:00:00 | INFO | repo=pv243-a4m36jee-2016-infinispan-seminar-autumn | action=test | passed=true
2025-11-04 14:18:00 | INFO | repo=pv243-a4m36jee-2016-infinispan-seminar-autumn | action=edit | files=2
2025-05-01 12:01:00 | DEBUG | repo=pv243-a4m36jee-2016-infinispan-seminar-autumn | action=commit
2025-06-04 07:46:00 | DEBUG | repo=pv243-a4m36jee-2016-infinispan-seminar-autumn | action=commit
2025-07-25 07:35:00 | DEBUG | repo=pv243-a4m36jee-2016-infinispan-seminar-autumn | action=commit
2025-08-28 09:40:00 | WARN | repo=pv243-a4m36jee-2016-infinispan-seminar-autumn | action=commit
2025-01-24 08:32:00 | WARN | repo=pv243-a4m36jee-2016-infinispan-seminar-autumn | action=commit
2025-08-26 09:44:00 | WARN | repo=pv243-a4m36jee-2016-infinispan-seminar-autumn | action=commit
2025-02-24 18:21:00 | WARN | repo=pv243-a4m36jee-2016-infinispan-seminar-autumn | action=commit
2025-04-17 20:32:00 | INFO | repo=pv243-a4m36jee-2016-infinispan-seminar-autumn | action=commit
2025-04-07 08:56:00 | WARN | repo=pv243-a4m36jee-2016-infinispan-seminar-autumn | action=commit
2025-11-25 21:39:00 | WARN | repo=pv243-a4m36jee-2016-infinispan-seminar-autumn | action=test | passed=true
2025-05-09 07:15:00 | INFO | repo=pv243-a4m36jee-2016-infinispan-seminar-autumn | action=pull
2025-10-01 21:30:00 | INFO | repo=pv243-a4m36jee-2016-infinispan-seminar-autumn | action=pull
2025-02-06 20:42:00 | INFO | repo=pv243-a4m36jee-2016-infinispan-seminar-autumn | action=commit
2025-04-25 07:22:00 | WARN | repo=pv243-a4m36jee-2016-infinispan-seminar-autumn | action=commit
2025-09-23 15:00:00 | INFO | repo=pv243-a4m36jee-2016-infinispan-seminar-autumn | action=commit
2025-11-08 12:02:00 | DEBUG | repo=pv243-a4m36jee-2016-infinispan-seminar-autumn | action=commit
2025-07-21 19:28:00 | INFO | repo=pv243-a4m36jee-2016-infinispan-seminar-autumn | action=commit
2025-04-16 21:19:00 | WARN | repo=pv243-a4m36jee-2016-infinispan-seminar-autumn | action=commit
2025-02-19 12:13:00 | DEBUG | repo=pv243-a4m36jee-2016-infinispan-seminar-autumn | action=test | passed=true
2025-04-11 15:11:00 | INFO | repo=pv243-a4m36jee-2016-infinispan-seminar-autumn | action=test | passed=true
2025-03-07 18:01:00 | DEBUG | repo=pv243-a4m36jee-2016-infinispan-seminar-autumn | action=commit
2025-07-19 10:16:00 | INFO | repo=pv243-a4m36jee-2016-infinispan-seminar-autumn | action=test | passed=true
2025-04-06 16:40:00 | WARN | repo=pv243-a4m36jee-2016-infinispan-seminar-autumn | action=pull
2025-02-19 07:16:00 | DEBUG | repo=pv243-a4m36jee-2016-infinispan-seminar-autumn | action=commit
2025-06-16 09:41:00 | INFO | repo=pv243-a4m36jee-2016-infinispan-seminar-autumn | action=commit
2025-05-23 21:19:00 | DEBUG | repo=pv243-a4m36jee-2016-infinispan-seminar-autumn | action=commit
2025-07-26 09:42:00 | WARN | repo=pv243-a4m36jee-2016-infinispan-seminar-autumn | action=commit
2025-01-16 15:40:00 | WARN | repo=pv243-a4m36jee-2016-infinispan-seminar-autumn | action=pull
2025-02-24 18:53:00 | WARN | repo=pv243-a4m36jee-2016-infinispan-seminar-autumn | action=commit
2025-10-17 08:42:00 | INFO | repo=pv243-a4m36jee-2016-infinispan-seminar-autumn | action=commit
2025-12-21 18:40:00 | WARN | repo=pv243-a4m36jee-2016-infinispan-seminar-autumn | action=commit
2025-08-19 13:11:00 | DEBUG | repo=pv243-a4m36jee-2016-infinispan-seminar-autumn | action=edit | files=1
2025-04-08 09:06:00 | WARN | repo=pv243-a4m36jee-2016-infinispan-seminar-autumn | action=commit
2025-09-23 21:19:00 | DEBUG | repo=pv243-a4m36jee-2016-infinispan-seminar-autumn | action=test | passed=true
2025-06-07 16:57:00 | DEBUG | repo=pv243-a4m36jee-2016-infinispan-seminar-autumn | action=commit
2025-12-07 11:02:00 | INFO | repo=pv243-a4m36jee-2016-infinispan-seminar-autumn | action=pull
2025-01-23 12:37:00 | INFO | repo=pv243-a4m36jee-2016-infinispan-seminar-autumn | action=pull
2025-04-22 09:34:00 | DEBUG | repo=pv243-a4m36jee-2016-infinispan-seminar-autumn | action=commit
2025-12-08 10:17:00 | INFO | repo=pv243-a4m36jee-2016-infinispan-seminar-autumn | action=commit
2025-09-11 07:26:00 | INFO | repo=pv243-a4m36jee-2016-infinispan-seminar-autumn | action=edit | files=5
2025-03-17 20:56:00 | WARN | repo=pv243-a4m36jee-2016-infinispan-seminar-autumn | action=commit
2025-11-12 07:51:00 | DEBUG | repo=pv243-a4m36jee-2016-infinispan-seminar-autumn | action=test | passed=true
2025-06-01 14:19:00 | INFO | repo=pv243-a4m36jee-2016-infinispan-seminar-autumn | action=commit
